2025-06-24 01:21:55 - Error fetching guardians: Unknown column 'contact_number' in 'field list'
2025-06-24 01:23:13 - Error fetching guardians: Unknown column 'contact_number' in 'field list'
